[('498bb011ab', 4, 289), ('498bb011ab', 4, 100), ('498bb011ab', 4, 262), ('498bb011ab', 4, 165), ('498bb011ab', 4, 29), ('498bb011ab', 4, 266), ('498bb011ab', 4, 84), ('498bb011ab', 4, 3), ('498bb011ab', 4, 33), ('498bb011ab', 4, 110), ('44da2bc562', 10, 47), ('44da2bc562', 10, 285), ('44da2bc562', 10, 270), ('44da2bc562', 10, 211), ('44da2bc562', 10, 7), ('44da2bc562', 10, 65), ('44da2bc562', 10, 234), ('460f86b62f', 21, 143), ('460f86b62f', 21, 36), ('460f86b62f', 21, 258), ('460f86b62f', 21, 34), ('460f86b62f', 21, 137), ('460f86b62f', 21, 142), ('460f86b62f', 21, 31), ('460f86b62f', 21, 199), ('460f86b62f', 21, 41), ('460f86b62f', 21, 102), ('4c07e996f4', 22, 7), ('4c07e996f4', 22, 69), ('4c07e996f4', 22, 298), ('4c07e996f4', 22, 220), ('4c07e996f4', 22, 62), ('4c07e996f4', 22, 44), ('4c07e996f4', 22, 29), ('4c07e996f4', 22, 167), ('4c07e996f4', 22, 196), ('4c07e996f4', 22, 272), ('4e1413cfbe', 52, 258), ('4e1413cfbe', 52, 112), ('4e1413cfbe', 52, 25), ('4e1413cfbe', 52, 294), ('4e1413cfbe', 52, 138), ('4e1413cfbe', 52, 165), ('4e1413cfbe', 52, 173), ('4e1413cfbe', 52, 299), ('4e1413cfbe', 52, 26), ('4e1413cfbe', 52, 120), ('4e1413cfbe', 52, 194), ('47e2d1559b', 53, 287), ('47e2d1559b', 53, 15), ('47e2d1559b', 53, 120), ('47e2d1559b', 53, 12), ('47e2d1559b', 53, 144), ('47e2d1559b', 53, 25), ('47e2d1559b', 53, 124), ('47e2d1559b', 53, 244), ('47e2d1559b', 53, 247), ('4336e3ae3f', 105, 142), ('4336e3ae3f', 105, 100), ('4336e3ae3f', 105, 42), ('4336e3ae3f', 105, 116), ('4336e3ae3f', 105, 227), ('4336e3ae3f', 105, 4), ('4336e3ae3f', 105, 297), ('4336e3ae3f', 105, 126), ('4336e3ae3f', 105, 207), ('4336e3ae3f', 105, 179), ('4336e3ae3f', 105, 95), ('4336e3ae3f', 105, 296), ('4336e3ae3f', 105, 119), ('4336e3ae3f', 105, 173), ('4336e3ae3f', 105, 154), ('4336e3ae3f', 105, 262), ('4336e3ae3f', 105, 270), ('4336e3ae3f', 105, 68), ('4336e3ae3f', 105, 101), ('4336e3ae3f', 105, 8), ('4336e3ae3f', 105, 269), ('497fac40a2', 122, 36), ('497fac40a2', 122, 188), ('497fac40a2', 122, 104), ('497fac40a2', 122, 64), ('497fac40a2', 122, 142), ('497fac40a2', 122, 4), ('497fac40a2', 122, 168), ('497fac40a2', 122, 160), ('497fac40a2', 122, 34), ('497fac40a2', 122, 300), ('47da0c7b34', 165, 25), ('47da0c7b34', 165, 70), ('47da0c7b34', 165, 257), ('47da0c7b34', 165, 181), ('47da0c7b34', 165, 142), ('47da0c7b34', 165, 46), ('47da0c7b34', 165, 248), ('47da0c7b34', 165, 289), ('47da0c7b34', 165, 206), ('47da0c7b34', 165, 87), ('47da0c7b34', 165, 89), ('47da0c7b34', 165, 234), ('47da0c7b34', 165, 291), ('4e7b2ebf98', 167, 94), ('4e7b2ebf98', 167, 15), ('4e7b2ebf98', 167, 191), ('4e7b2ebf98', 167, 272), ('4e7b2ebf98', 167, 224), ('4e7b2ebf98', 167, 75), ('4e7b2ebf98', 167, 184), ('4e7b2ebf98', 167, 243), ('4e7b2ebf98', 167, 216), ('4e7b2ebf98', 167, 152), ('4ed691c8de', 176, 220), ('4ed691c8de', 176, 116), ('4ed691c8de', 176, 99), ('4ed691c8de', 176, 269), ('4ed691c8de', 176, 29), ('4ed691c8de', 176, 245), ('4ed691c8de', 176, 238), ('4ed691c8de', 176, 296), ('473b3d5e03', 201, 124), ('473b3d5e03', 201, 32), ('473b3d5e03', 201, 241), ('473b3d5e03', 201, 214), ('473b3d5e03', 201, 88), ('473b3d5e03', 201, 147), ('473b3d5e03', 201, 101), ('473b3d5e03', 201, 43), ('473b3d5e03', 201, 34), ('473b3d5e03', 201, 296), ('473b3d5e03', 201, 242), ('4040b072e4', 226, 278), ('4040b072e4', 226, 249), ('4040b072e4', 226, 204), ('4040b072e4', 226, 33), ('4040b072e4', 226, 178), ('4040b072e4', 226, 159), ('4040b072e4', 226, 58), ('471ed66e3a', 229, 270), ('471ed66e3a', 229, 209), ('471ed66e3a', 229, 228), ('471ed66e3a', 229, 45), ('471ed66e3a', 229, 176), ('471ed66e3a', 229, 188), ('471ed66e3a', 229, 258), ('471ed66e3a', 229, 234), ('471ed66e3a', 229, 217), ('471ed66e3a', 229, 260), ('4dc612a590', 231, 71), ('4dc612a590', 231, 274), ('4dc612a590', 231, 77), ('4dc612a590', 231, 172), ('4dc612a590', 231, 241), ('4dc612a590', 231, 121), ('4dc612a590', 231, 192), ('4dc612a590', 231, 287), ('4dc612a590', 231, 211), ('4d31e54de1', 236, 140), ('4d31e54de1', 236, 289), ('4d31e54de1', 236, 240), ('4d31e54de1', 236, 186), ('4d31e54de1', 236, 51), ('4d31e54de1', 236, 204), ('4d31e54de1', 236, 149), ('4d31e54de1', 236, 48), ('4d31e54de1', 236, 94), ('4d31e54de1', 236, 297), ('4d31e54de1', 236, 98), ('4d31e54de1', 236, 109), ('4d31e54de1', 236, 171), ('4d31e54de1', 236, 262), ('4d31e54de1', 236, 117), ('4d31e54de1', 236, 22), ('412abe8e0c', 239, 226), ('412abe8e0c', 239, 49), ('412abe8e0c', 239, 291), ('412abe8e0c', 239, 258), ('412abe8e0c', 239, 136), ('412abe8e0c', 239, 246), ('412abe8e0c', 239, 262), ('412abe8e0c', 239, 245), ('412abe8e0c', 239, 279), ('412abe8e0c', 239, 134), ('412abe8e0c', 239, 2), ('412abe8e0c', 239, 143), ('41fb83e52b', 245, 71), ('41fb83e52b', 245, 29), ('41fb83e52b', 245, 175), ('41fb83e52b', 245, 246), ('41fb83e52b', 245, 124), ('41fb83e52b', 245, 116), ('41fb83e52b', 245, 185), ('41fb83e52b', 245, 270), ('41fb83e52b', 245, 296), ('41fb83e52b', 245, 179), ('4c0621acf8', 246, 12), ('4c0621acf8', 246, 220), ('4c0621acf8', 246, 195), ('4c0621acf8', 246, 165), ('4c0621acf8', 246, 292), ('4c0621acf8', 246, 34), ('4c0621acf8', 246, 18), ('4c0621acf8', 246, 52), ('4c0621acf8', 246, 101), ('43bf9752d3', 278, 71), ('43bf9752d3', 278, 127), ('43bf9752d3', 278, 20), ('43bf9752d3', 278, 195), ('43bf9752d3', 278, 221), ('43bf9752d3', 278, 237), ('43bf9752d3', 278, 217), ('43bf9752d3', 278, 265), ('43bf9752d3', 278, 176), ('43bf9752d3', 278, 90), ('43bf9752d3', 278, 31), ('43bf9752d3', 278, 228), ('43bf9752d3', 278, 266), ('43bf9752d3', 278, 81), ('47a059b38c', 285, 251), ('47a059b38c', 285, 51), ('47a059b38c', 285, 31), ('47a059b38c', 285, 115), ('47a059b38c', 285, 183), ('47a059b38c', 285, 68), ('47a059b38c', 285, 212), ('47a059b38c', 285, 121), ('47a059b38c', 285, 38), ('47a059b38c', 285, 125), ('47a059b38c', 285, 175), ('47a059b38c', 285, 79), ('47a059b38c', 285, 35), ('47a059b38c', 285, 298), ('47a059b38c', 285, 237), ('47a059b38c', 285, 239)]