[('33541df331', '3424a01967'), ('86020ac1fb', '3424a01967'), ('b393796197', '3424a01967'), ('e1f47d4d54', '3424a01967'), ('d89c50b523', '3424a01967'), ('e0586d6e3f', '3424a01967'), ('a1f34037fd', '3424a01967'), ('c0716ad17b', '48f8124d43'), ('ea5466626c', '48f8124d43'), ('10bb0227af', '48f8124d43'), ('cfc0235293', '48f8124d43'), ('65d786a98c', '48f8124d43'), ('6c25d92099', '48f8124d43'), ('498bb011ab', '48f8124d43'), ('7055c9f8c9', '48f8124d43'), ('473b3d5e03', '48f8124d43')]