[('b7209ffe26', '1f00cdacd3', Decimal('3.4545454545454545'))]