[('b210224e01', 'info@mipt.ru'), ('4e69351de5', 'info@mipt.ru'), ('5c80dd4e81', 'info@mipt.ru'), ('d842f878c9', 'info@mipt.ru'), ('fe77ed1fab', 'info@mipt.ru'), ('a45c2db70c', 'info@mipt.ru'), ('437b71abfb', 'info@mipt.ru'), ('2430f5b1ef', 'info@mipt.ru'), ('782ae7edf7', 'info@mipt.ru'), ('756c37333c', 'info@mipt.ru')]