[('039c0cf58e', Decimal('3041.8488720080753857'), Decimal('78.4323404249277'), Decimal('7183.67578478608')), ('03dc2742e2', Decimal('6478.0622516805800000'), Decimal('1804.18493870006'), Decimal('9309.84530655199')), ('0629eaa22e', Decimal('6135.5175061406680000'), Decimal('2220.68272172852'), Decimal('9257.79774580468')), ('0659b9c65b', Decimal('5981.6443592835371429'), Decimal('3286.09398992412'), Decimal('9566.3917458154')), ('092693fa58', Decimal('1582.8817818907100000'), Decimal('791.53471707724'), Decimal('2211.46302357731')), ('0ca30f869d', Decimal('5806.9924910710171429'), Decimal('1566.9416794524'), Decimal('9629.74382231962')), ('0db557fb65', Decimal('5190.9952752033922000'), Decimal('406.920419119081'), Decimal('8268.06052399041')), ('0ee495adf4', Decimal('7544.3071738966320000'), Decimal('6375.41482108378'), Decimal('8610.04386928426')), ('0f286950e6', Decimal('5885.0768877575600000'), Decimal('2908.72741459285'), Decimal('9427.84695405162')), ('0f899d8632', Decimal('6684.8565910985100000'), Decimal('3154.65427000645'), Decimal('9665.58661205768')), ('0fe2d837d2', Decimal('6357.4140407777600000'), Decimal('2445.76583894704'), Decimal('8841.45114743698')), ('102fe08cdc', Decimal('4288.5252630978600000'), Decimal('293.00779296908'), Decimal('7692.78275424825')), ('10bb0227af', Decimal('5372.7586606317060000'), Decimal('3728.57337040539'), Decimal('7762.70534744962')), ('1111a9362a', Decimal('7739.3839097665455556'), Decimal('5799.98784095831'), Decimal('9549.68163325853')), ('11973fcb91', Decimal('5793.9790669450560000'), Decimal('4216.84223004347'), Decimal('6979.29668002149')), ('1270746f90', Decimal('7307.7361608712280000'), Decimal('5329.78035214994'), Decimal('9418.49194565422')), ('128a376cdd', Decimal('5331.7167517186854545'), Decimal('1308.64375922811'), Decimal('9115.87334702245')), ('12fadb773e', Decimal('2727.4538461002946000'), Decimal('833.643841495413'), Decimal('4674.62119595544')), ('13bbf39d97', Decimal('1885.6711977049416000'), Decimal('650.873749183789'), Decimal('3370.80568601711')), ('13e2cf0674', Decimal('4945.7613147687866667'), Decimal('2916.15264172226'), Decimal('5960.56565129205')), ('13ffc26ed5', Decimal('5272.4117199382990909'), Decimal('1886.13673830489'), Decimal('9338.65495238097')), ('160a98ae5e', Decimal('6269.1223154529640000'), Decimal('4374.54619722476'), Decimal('9533.45384181356')), ('1702178f64', Decimal('4956.3447728662853846'), Decimal('1257.20769632107'), Decimal('8973.49551251928')), ('171f196c09', Decimal('3825.6064548024000000'), Decimal('2402.45767809913'), Decimal('4893.87684167268')), ('1733f7ae2c', Decimal('5318.0971159335900000'), Decimal('5318.09711593359'), Decimal('5318.09711593359')), ('182f302062', Decimal('5157.7306118561823077'), Decimal('1756.44998758525'), Decimal('8997.7891027124')), ('18781efa78', Decimal('4038.6324392024743636'), Decimal('150.112257827428'), Decimal('8285.4309453496')), ('19b395d225', Decimal('4895.9822737181754545'), Decimal('2280.95251683372'), Decimal('9665.00117657272')), ('1b75618205', Decimal('5600.6466604423006667'), Decimal('718.741853774028'), Decimal('9894.50389592171')), ('1b7e7698b2', Decimal('5339.6610624924268571'), Decimal('498.877160228464'), Decimal('9312.81164869385')), ('1cfc30025c', Decimal('3501.1134884760800000'), Decimal('392.91974133052'), Decimal('4373.94921436128')), ('1d7ea4e143', Decimal('7860.9891196656460000'), Decimal('7434.58154911054'), Decimal('8812.60154579187')), ('1e916865ad', Decimal('5787.7679245097633333'), Decimal('4577.38594603988'), Decimal('8208.53188144953')), ('1f7d5ff6a0', Decimal('1862.0659605447140000'), Decimal('426.801636760561'), Decimal('4732.59460811302')), ('1f8f1a392c', Decimal('6701.1241899731136923'), Decimal('995.696833235438'), Decimal('9161.5774411989')), ('22686815c0', Decimal('4168.9737027651765714'), Decimal('735.364047363756'), Decimal('5209.56460234475')), ('22a0618ebd', Decimal('6067.4512542313230909'), Decimal('959.962218962602'), Decimal('9197.30271814333')), ('23a3bb9f09', Decimal('7018.2950478904280000'), Decimal('5064.26007940458'), Decimal('9757.10467791228')), ('23fd7744be', Decimal('3088.6942458996860000'), Decimal('361.468132179426'), Decimal('7121.52057696183')), ('25e7d6f9ea', Decimal('4667.5809909343180000'), Decimal('966.818255340363'), Decimal('8276.17298961198')), ('27e101cb35', Decimal('4238.2631682066080000'), Decimal('1105.30600928662'), Decimal('6080.25945902835')), ('28de47a8e7', Decimal('7468.0481128832200000'), Decimal('7468.04811288322'), Decimal('7468.04811288322')), ('29935dc42a', Decimal('5905.4247159629663636'), Decimal('1753.06190166771'), Decimal('8636.54035685935')), ('2a0a1b07c1', Decimal('4067.8663190280528000'), Decimal('323.770400904042'), Decimal('7294.61182638544')), ('2a7c5f0534', Decimal('3099.7000211221016000'), Decimal('158.76673697302'), Decimal('8676.08981816072')), ('2a876ef5c9', Decimal('4020.3887076185780000'), Decimal('1638.81634188191'), Decimal('5745.4401229516')), ('2aa703f4f6', Decimal('4917.6683566661260000'), Decimal('4335.64072207643'), Decimal('6763.34833119931')), ('2c0ed6b5a8', Decimal('4070.0434587709133333'), Decimal('2364.71924213598'), Decimal('8950.16711467308')), ('2c8e14c111', Decimal('4598.8721461924152381'), Decimal('322.714025078204'), Decimal('9889.88776814444')), ('2d652d568e', Decimal('5054.3208837546260000'), Decimal('3002.48467994869'), Decimal('7320.30903766153')), ('2dfb8f776d', Decimal('5085.5709100451260000'), Decimal('1583.40299563342'), Decimal('8409.14832911767')), ('2e03e6a700', Decimal('4221.7180605098214286'), Decimal('1948.84295708003'), Decimal('9360.22162055462')), ('2edf1fa251', Decimal('4592.7913420285577778'), Decimal('1734.24290195283'), Decimal('6838.97337498081')), ('303c9787ce', Decimal('4682.9808350901800000'), Decimal('4363.26329326067'), Decimal('5160.09304469793')), ('305f8d3ed6', Decimal('3509.9700561760881818'), Decimal('1281.32189734595'), Decimal('7528.31886840741')), ('306e07ad10', Decimal('4935.9710815104594286'), Decimal('496.988190445438'), Decimal('8017.9742622464')), ('313624e201', Decimal('4894.9958940114973846'), Decimal('315.680363371473'), Decimal('7862.10149898757')), ('313d30ad1d', Decimal('5162.5705370789940000'), Decimal('434.923553922013'), Decimal('9685.43032862377')), ('31ce766fcd', Decimal('6543.2593687231240000'), Decimal('3368.97430103783'), Decimal('9091.83461160499')), ('32b7a65d2e', Decimal('6322.1008162205715385'), Decimal('3335.29637999233'), Decimal('9598.96297602145')), ('33541df331', Decimal('7424.3072322521354545'), Decimal('3139.69227464236'), Decimal('9460.32085011811')), ('33d412f43a', Decimal('5373.1585719361800000'), Decimal('2989.96932262815'), Decimal('7674.77228394564')), ('3406448cb1', Decimal('7264.3735813626738462'), Decimal('2850.02663285705'), Decimal('9708.50019951974')), ('344d97807d', Decimal('5913.4711563321728571'), Decimal('1896.27732286932'), Decimal('9761.03440465344')), ('34c4d8fde4', Decimal('4000.0096751409760000'), Decimal('171.95219536976'), Decimal('7292.1086054554')), ('34c5713f62', Decimal('4360.5115315326814286'), Decimal('1103.61721358085'), Decimal('8696.01717329893')), ('36928fc89b', Decimal('5470.8324667309285714'), Decimal('4637.20424527856'), Decimal('6344.4619867023')), ('37d5c0b388', Decimal('4068.8200561280851429'), Decimal('662.902661653333'), Decimal('7214.71669727538')), ('3932b29a69', Decimal('2845.5377329490476923'), Decimal('1085.89546916372'), Decimal('9082.08981444384')), ('3a53305d21', Decimal('5168.2155013367500000'), Decimal('1866.81454549625'), Decimal('7374.47898933851')), ('3ba0bd1d6e', Decimal('5365.8498056339695294'), Decimal('726.864881456011'), Decimal('9950.12029573375')), ('3bb85fff4a', Decimal('3625.5876550178000000'), Decimal('1161.03181545581'), Decimal('8111.09089524894')), ('3d21d03a8d', Decimal('5642.2237545019209091'), Decimal('1718.30579638713'), Decimal('8646.71598588453')), ('3d5ca2947d', Decimal('8403.0147865419700000'), Decimal('8403.01478654197'), Decimal('8403.01478654197')), ('3da80c7753', Decimal('5720.6777309235649091'), Decimal('234.284177248927'), Decimal('9843.83131292758')), ('3e464db557', Decimal('3884.1022633586262857'), Decimal('162.840596849172'), Decimal('6799.26146747249')), ('4040b072e4', Decimal('1512.5030181672126400'), Decimal('54.4097621266216'), Decimal('4604.40929470372')), ('412abe8e0c', Decimal('2899.8746796745728571'), Decimal('536.071036111825'), Decimal('7061.48990331136')), ('41fb83e52b', Decimal('2767.9960023119560000'), Decimal('1218.17352227784'), Decimal('6444.032798528')), ('4336e3ae3f', Decimal('4423.2421894485185714'), Decimal('3074.3851294133'), Decimal('8320.81011503813')), ('43bf9752d3', Decimal('3134.0881506851351429'), Decimal('597.736760197323'), Decimal('5450.86058646504')), ('44da2bc562', Decimal('2458.2943393791900000'), Decimal('1307.25551333485'), Decimal('4760.37199146787')), ('460f86b62f', Decimal('5981.7979468198590909'), Decimal('1721.62370977024'), Decimal('9673.14403548407')), ('471ed66e3a', Decimal('5964.1112685374300000'), Decimal('5964.11126853743'), Decimal('5964.11126853743')), ('473b3d5e03', Decimal('2089.1147518938266667'), Decimal('1962.7547612348'), Decimal('2341.83473321188')), ('47a059b38c', Decimal('2821.8127636586600000'), Decimal('2821.81276365866'), Decimal('2821.81276365866')), ('47da0c7b34', Decimal('4113.8626733383360000'), Decimal('2164.8102926499'), Decimal('6488.85648092585')), ('47e2d1559b', Decimal('4554.2034734764120000'), Decimal('1203.59414603013'), Decimal('7675.28175278796')), ('497fac40a2', Decimal('7207.2221766559344444'), Decimal('4081.04554980107'), Decimal('9378.81816138857')), ('498bb011ab', Decimal('5984.3929558412746154'), Decimal('2754.10202493163'), Decimal('8929.17643413288')), ('4c0621acf8', Decimal('5250.7816326138314286'), Decimal('1573.5269741756'), Decimal('9345.46848247182')), ('4c07e996f4', Decimal('4800.3017816900728571'), Decimal('2860.49697769082'), Decimal('6400.95715112974')), ('4d31e54de1', Decimal('5373.9539950378523077'), Decimal('2677.44640393568'), Decimal('8500.04559203146')), ('4dc612a590', Decimal('1816.4817105599840000'), Decimal('1202.97864947199'), Decimal('3914.0865075956')), ('4e1413cfbe', Decimal('4760.9363034946900000'), Decimal('4760.93630349469'), Decimal('4760.93630349469')), ('4e7b2ebf98', Decimal('4206.4814431040540000'), Decimal('613.658229385004'), Decimal('9052.50257740917')), ('4ed691c8de', Decimal('6233.6972912566580000'), Decimal('3926.75296928257'), Decimal('8242.87439283935')), ('50810a67f5', Decimal('1825.4877815936261429'), Decimal('76.3605704645155'), Decimal('7331.87267269007')), ('52d7ed282f', Decimal('4728.7884773004388889'), Decimal('1652.00671552407'), Decimal('7836.75825953807')), ('545b4c92e6', Decimal('5308.9100226492145455'), Decimal('1262.47878721505'), Decimal('9445.44000200879')), ('56e4936116', Decimal('7218.7613532417648182'), Decimal('720.611863231073'), Decimal('9843.9492649726')), ('5758bdc27a', Decimal('6056.2830711485763636'), Decimal('1876.19669966068'), Decimal('9153.54988513376')), ('5770ac4923', Decimal('7686.0150877488433333'), Decimal('5401.86152818201'), Decimal('8828.09186753226')), ('57eaf2cdf8', Decimal('2857.4584197694583333'), Decimal('419.013464128815'), Decimal('4076.68089758978')), ('5a0cba0e39', Decimal('7544.8110440578800000'), Decimal('4157.76552311804'), Decimal('9238.3338045278')), ('5c9cc6818e', Decimal('5032.1210273471900000'), Decimal('582.53155093396'), Decimal('8005.71737741819')), ('5fd42c700a', Decimal('3118.7237003571918182'), Decimal('238.852085395918'), Decimal('6603.1310919836')), ('6083fa6a36', Decimal('6618.7116151495692308'), Decimal('3052.34290614137'), Decimal('8476.11113228514')), ('6181d19168', Decimal('3088.8771819563751429'), Decimal('154.427762198328'), Decimal('6640.12287317495')), ('620fd023f3', Decimal('5210.6286434885900000'), Decimal('2473.61728367455'), Decimal('7072.18307913053')), ('627f27a266', Decimal('7920.4416742337300000'), Decimal('6703.50266743573'), Decimal('8700.01777930404')), ('64b566effe', Decimal('3087.0428776653280000'), Decimal('2098.02320488285'), Decimal('4139.40894068852')), ('65a027406c', Decimal('5386.7135864044326000'), Decimal('299.089260630743'), Decimal('9802.08101836745')), ('65d786a98c', Decimal('5562.0236191167088889'), Decimal('2067.17065655101'), Decimal('9923.87139086692')), ('6701694a40', Decimal('4287.7556121233526667'), Decimal('283.354642649152'), Decimal('9253.41468996874')), ('67a79946a3', Decimal('4679.4291541950900000'), Decimal('1359.05343470887'), Decimal('7406.06107088335')), ('67e858d322', Decimal('5096.2541880328897143'), Decimal('958.080714676934'), Decimal('9337.08691322763')), ('67ff6a1b5d', Decimal('6629.9602712104854545'), Decimal('1745.38247357938'), Decimal('9405.04339341024')), ('69cb01b757', Decimal('4570.6928380263028000'), Decimal('366.164159062059'), Decimal('9843.56817733569')), ('6b0e960f31', Decimal('5717.5792451512814286'), Decimal('4398.26140490979'), Decimal('9307.07008216917')), ('6c25d92099', Decimal('6387.1982586996166667'), Decimal('2342.05296727129'), Decimal('9283.93653927193')), ('6c32fa1058', Decimal('3832.9325899576384000'), Decimal('227.25326522381'), Decimal('8906.03684677561')), ('6cb8f91aff', Decimal('6055.3860881587700000'), Decimal('1937.77719360387'), Decimal('8124.3356814637')), ('6dad418fb2', Decimal('5679.4077747704344444'), Decimal('1966.65162649008'), Decimal('9811.46741732152')), ('6e1051cdba', Decimal('6516.3322144059120000'), Decimal('3175.17121610752'), Decimal('9684.86632950786')), ('6e172a81dd', Decimal('3749.6724342717477778'), Decimal('1206.7933637869'), Decimal('6766.18396159433')), ('6e417fce09', Decimal('5814.4081748071866667'), Decimal('4045.23422973772'), Decimal('6698.99514734192')), ('7009c4fec7', Decimal('3778.5680979372654545'), Decimal('631.729878527945'), Decimal('6847.118100118')), ('7055c9f8c9', Decimal('2347.0029757762936000'), Decimal('522.274387224204'), Decimal('3838.53558569772')), ('71fed2eb47', Decimal('5515.4612552002155556'), Decimal('2612.07981077256'), Decimal('9032.61640327329')), ('72fbc6da2a', Decimal('5991.0845914075814286'), Decimal('2287.7590846102'), Decimal('9003.22200973911')), ('746b102581', Decimal('6038.8424957766900000'), Decimal('5733.02485266192'), Decimal('6596.39505057587')), ('74b5dce1a9', Decimal('3538.0797194414388000'), Decimal('885.550977716267'), Decimal('6058.10549224667')), ('751e9f8411', Decimal('7434.7527025042240000'), Decimal('3149.37090401494'), Decimal('8569.59260145357')), ('756049c0d1', Decimal('6039.1191354996982857'), Decimal('664.673379617284'), Decimal('9940.04031739034')), ('758abb4384', Decimal('4433.2515488981333333'), Decimal('685.69297592753'), Decimal('9089.88667150675')), ('77cb8d1445', Decimal('5002.7724962391311111'), Decimal('3593.43251281504'), Decimal('9207.06222714768')), ('781bc4f797', Decimal('4086.2622773714755556'), Decimal('1210.07150138655'), Decimal('6818.09450721796')), ('785543dcd1', Decimal('4764.1175155686360000'), Decimal('543.531948073066'), Decimal('8756.25968260312')), ('786ac7ec26', Decimal('6318.3137179638652941'), Decimal('2003.53133720548'), Decimal('9858.28131569223')), ('79f4ee0ae1', Decimal('2884.0225762388856364'), Decimal('939.987952336696'), Decimal('4967.4174734323')), ('7b6e9fc68c', Decimal('2161.6669328589048000'), Decimal('541.116158988897'), Decimal('7422.92506825261')), ('7c56eeb245', Decimal('3116.1484810177086667'), Decimal('766.235503348658'), Decimal('7815.97443635581')), ('7eb62bee6e', Decimal('7145.5329420296800000'), Decimal('1047.70460148004'), Decimal('9476.34989013615')), ('809a6b2adc', Decimal('5567.8890143959940000'), Decimal('3833.74519425183'), Decimal('7697.69199475016')), ('80fc51b76d', Decimal('4242.6785986323642857'), Decimal('1756.5203620293'), Decimal('7808.55287710341')), ('812c39873c', Decimal('5259.4976493673131818'), Decimal('81.6979455108925'), Decimal('9517.46708360919')), ('817cf2ab9b', Decimal('2816.9906056523294800'), Decimal('20.8000257359587'), Decimal('7179.33594807361')), ('8350bd58b6', Decimal('4388.5113123194240000'), Decimal('1430.51308130026'), Decimal('6901.44550858622')), ('83d477d818', Decimal('6867.1081310037885714'), Decimal('5005.36856389205'), Decimal('9970.73166394038')), ('86020ac1fb', Decimal('4605.3650713193077778'), Decimal('2285.53910909422'), Decimal('7388.30463481744')), ('8927b18654', Decimal('4465.3095660251377778'), Decimal('1142.98984655592'), Decimal('8939.35790225448')), ('8971777c9d', Decimal('2469.1520896937000000'), Decimal('420.701037053692'), Decimal('5566.93117143962')), ('8984e32cd6', Decimal('2473.6000855518714286'), Decimal('1021.78616012288'), Decimal('3539.98580168372')), ('8a4b0b41c5', Decimal('1326.2286089623166667'), Decimal('1196.90515859371'), Decimal('1390.89033414662')), ('8a8ae65ba8', Decimal('4449.4509444846760000'), Decimal('2642.10138493889'), Decimal('5854.00223844385')), ('8ab81fc9e7', Decimal('4847.8133304461460000'), Decimal('2291.06834136115'), Decimal('7387.99547642532')), ('8b24b235ac', Decimal('3417.8834035676148889'), Decimal('438.419292763379'), Decimal('9853.95872360979')), ('8b97665e71', Decimal('3729.3347821071400000'), Decimal('1187.73467064508'), Decimal('7038.98773981407')), ('8cfae48aec', Decimal('5124.6825627695812308'), Decimal('229.323994144468'), Decimal('8642.17821735575')), ('8d0247c101', Decimal('6425.0516548062100000'), Decimal('1235.78582631877'), Decimal('9550.83929158137')), ('8dbe865bd8', Decimal('4454.3298714241092308'), Decimal('1278.48697851933'), Decimal('7543.5910510642')), ('8e8252911a', Decimal('5545.5872679368328571'), Decimal('3465.5562403121'), Decimal('9550.8030894498')), ('8f7688a970', Decimal('4146.4397365696103636'), Decimal('691.327664448842'), Decimal('8793.70428452072')), ('8fa9e533a2', Decimal('4771.7589074185600000'), Decimal('1005.85873991929'), Decimal('8794.63809700649')), ('907ff098ba', Decimal('5762.3113643439118182'), Decimal('2265.3404520926'), Decimal('8630.85060391496')), ('90d19372b5', Decimal('5697.6447529821600000'), Decimal('1391.38696697905'), Decimal('8989.24638163365')), ('90d8f3a23e', Decimal('2084.6065151359900000'), Decimal('1397.69050664076'), Decimal('3458.43853212645')), ('91afa3e668', Decimal('4569.8910281511746154'), Decimal('3104.06964888108'), Decimal('8926.02927476013')), ('91cd2fae2c', Decimal('4831.8259123982760000'), Decimal('537.643128091092'), Decimal('9746.43851977386')), ('93923935e4', Decimal('4121.5924032091685714'), Decimal('1261.37420725994'), Decimal('8636.17338066165')), ('93b3db9595', Decimal('5285.0318244141636364'), Decimal('2923.87679295895'), Decimal('9514.58404503994')), ('93bc36f6d2', Decimal('4124.0554413852985714'), Decimal('2695.77944521453'), Decimal('6161.19142917715')), ('94666211ab', Decimal('6314.5495161567800000'), Decimal('4002.23816105742'), Decimal('9359.69478085426')), ('949126629e', Decimal('4266.1765164430678667'), Decimal('886.088242436498'), Decimal('9565.59572271971')), ('950f5feffd', Decimal('3018.9142878988671429'), Decimal('829.61961415887'), Decimal('6986.42484229403')), ('953d8f272c', Decimal('6077.3416614209933333'), Decimal('2799.56618299096'), Decimal('8084.88158152257')), ('96737a31dd', Decimal('5407.7622177102311111'), Decimal('3730.41497618173'), Decimal('6798.26311589006')), ('975ae65b09', Decimal('6208.5095258289440000'), Decimal('5242.99694889125'), Decimal('7153.96428857892')), ('9884df86e2', Decimal('5764.2747261181900000'), Decimal('2858.85648703022'), Decimal('9006.60922128966')), ('992f9836b5', Decimal('6738.5615831715480000'), Decimal('4525.95735180848'), Decimal('7611.34666966753')), ('9ab9d6e248', Decimal('4608.0135899708100000'), Decimal('776.97279837492'), Decimal('7760.4903298457')), ('9c483d48f0', Decimal('4823.3393381047700000'), Decimal('402.172186544305'), Decimal('8589.75213759644')), ('9f7176b185', Decimal('5708.7077184030066667'), Decimal('3727.35569531914'), Decimal('9671.41176457074')), ('a0044728b4', Decimal('6224.9231325043530769'), Decimal('3104.53926930948'), Decimal('9519.79611522489')), ('a1e5e53eb0', Decimal('3450.5037988656880000'), Decimal('625.10828248372'), Decimal('5094.01014886092')), ('a1f34037fd', Decimal('4103.6499421804200000'), Decimal('197.33407217108'), Decimal('6056.80787718509')), ('a238acc9b9', Decimal('4120.0217558743753846'), Decimal('900.027771739385'), Decimal('8930.55141812013')), ('a3532534e3', Decimal('8257.3759719450766667'), Decimal('5086.06725392763'), Decimal('9843.0303309538')), ('a4a1350afb', Decimal('5428.2458223495608000'), Decimal('482.075085504257'), Decimal('9297.07016426244')), ('a63f3c7282', Decimal('6731.7601124225255556'), Decimal('2575.44506716919'), Decimal('9602.18520094713')), ('a65065eb49', Decimal('2035.5305261280200000'), Decimal('1156.25993324473'), Decimal('3011.10958044215')), ('a789775304', Decimal('3726.6969776830511111'), Decimal('720.311689729065'), Decimal('7832.41189786461')), ('a896d28eae', Decimal('3971.8709243730069231'), Decimal('1760.26806337031'), Decimal('8151.13232547832')), ('a8dc2d703c', Decimal('6236.6363687609166667'), Decimal('2065.71079742099'), Decimal('9419.33661340491')), ('a8dc4d08d0', Decimal('6295.2194531959463636'), Decimal('1709.58161651167'), Decimal('9538.87978831563')), ('a8f5d8bc6a', Decimal('5983.3909044205620000'), Decimal('538.708442836819'), Decimal('9037.52793943485')), ('a948e3a697', Decimal('5203.4447504737881818'), Decimal('3391.05645070147'), Decimal('9033.41765140422')), ('aa13a0d182', Decimal('1370.7042167536544667'), Decimal('68.1238145350417'), Decimal('3975.86502119088')), ('aa7eb8a7ae', Decimal('5873.6954871780170909'), Decimal('186.276051583694'), Decimal('9702.37563016719')), ('ab2d6e2477', Decimal('5532.9586889510212000'), Decimal('467.960402495058'), Decimal('9666.1897038643')), ('ac19314b09', Decimal('5184.2172923718333333'), Decimal('3223.17440878962'), Decimal('9106.30305953626')), ('ac5377481e', Decimal('6003.5211012440260000'), Decimal('2566.30455858115'), Decimal('8161.04618121655')), ('aefc92f7de', Decimal('6778.9101937834100000'), Decimal('3913.36444272213'), Decimal('9973.17809534604')), ('af57410691', Decimal('2632.8244721019344000'), Decimal('527.263180908941'), Decimal('5956.99541359173')), ('afbf759bc8', Decimal('2505.2145924434866667'), Decimal('1636.48357869858'), Decimal('2939.58009931594')), ('b09773c423', Decimal('5396.8189519785020000'), Decimal('1915.29904070001'), Decimal('8765.95479243828')), ('b1761061c8', Decimal('4153.5717778943918100'), Decimal('5.05465308823905'), Decimal('6766.41592210844')), ('b25836edca', Decimal('3685.5635872187484000'), Decimal('934.587325139436'), Decimal('9920.20723413293')), ('b393796197', Decimal('5992.9463529294876923'), Decimal('1593.86534806736'), Decimal('8612.18744012803')), ('b3edb1f051', Decimal('5939.0868757303340000'), Decimal('1601.45770072519'), Decimal('8986.67174048021')), ('b4b64bb500', Decimal('4007.2464019781500000'), Decimal('3338.68481249994'), Decimal('5344.36958093457')), ('b5f533fa02', Decimal('3760.4085057834137143'), Decimal('345.435209294303'), Decimal('6943.62353006083')), ('b62a0d4b17', Decimal('5035.0203536397200000'), Decimal('1498.4257002895'), Decimal('8228.62739252733')), ('b656248b45', Decimal('3293.1205708707940000'), Decimal('228.055633200819'), Decimal('7658.00472190566')), ('b6f09c8202', Decimal('4045.0760521374941818'), Decimal('397.261502500563'), Decimal('8102.27308078029')), ('b7209ffe26', Decimal('5718.5347006389163636'), Decimal('2194.34716471123'), Decimal('8454.41267910782')), ('b78fdbd2a8', Decimal('6290.3848450307687273'), Decimal('535.564406180798'), Decimal('9687.42481894257')), ('b8becd055f', Decimal('3932.7719965408820000'), Decimal('3084.80772430049'), Decimal('4656.14238488997')), ('be17969aa5', Decimal('6553.0977365008823077'), Decimal('4161.91076434922'), Decimal('9281.25559875071')), ('bf40395082', Decimal('3786.4390934111317778'), Decimal('326.679604969966'), Decimal('5952.00868982531')), ('c0716ad17b', Decimal('5702.6074122985080000'), Decimal('3316.10102801471'), Decimal('9430.07765521454')), ('c196c2abf4', Decimal('4578.9463948780690769'), Decimal('949.520295727384'), Decimal('8111.96969222807')), ('c24a1bbb49', Decimal('2209.4088445469342000'), Decimal('202.450925118891'), Decimal('3672.61702122538')), ('c29e47ab29', Decimal('4258.3635442610321111'), Decimal('807.555577398309'), Decimal('5856.60298089602')), ('c302921836', Decimal('7059.0588845210057143'), Decimal('4616.47562762332'), Decimal('9670.38972300535')), ('c41746bf2a', Decimal('5215.1638306987928571'), Decimal('1993.11785720747'), Decimal('9641.35455273196')), ('c4258497c4', Decimal('3504.0416972223027778'), Decimal('608.141256973445'), Decimal('5698.17948315882')), ('c482d8e829', Decimal('6710.4789587050333333'), Decimal('3759.5614581987'), Decimal('8185.9377089582')), ('c513c63437', Decimal('3346.3453212323914286'), Decimal('1787.68103811822'), Decimal('5659.37756478541')), ('c5267d449c', Decimal('5115.3341232585557143'), Decimal('3894.61453509936'), Decimal('6913.35579336521')), ('c5c98dd94d', Decimal('3205.6821136038828571'), Decimal('1249.14385371502'), Decimal('6396.73782518011')), ('c5d645dd2e', Decimal('9407.3513106631900000'), Decimal('9407.35131066319'), Decimal('9407.35131066319')), ('c7d961a22e', Decimal('1573.8173203477056000'), Decimal('186.844052191864'), Decimal('3429.84031706842')), ('c95c967065', Decimal('6615.4669720175611111'), Decimal('2262.68657061331'), Decimal('9914.9124900487')), ('cc69738931', Decimal('2915.8740542561764000'), Decimal('838.854795350581'), Decimal('7128.7865206191')), ('cd18f2aaf6', Decimal('6176.4537689745880000'), Decimal('3046.29043204714'), Decimal('7614.3077631419')), ('ce95bc4595', Decimal('4527.4532686855680000'), Decimal('1278.80321255303'), Decimal('9383.3621108981')), ('cf63e30071', Decimal('4141.4125205233254545'), Decimal('1271.42556469164'), Decimal('8671.18541829771')), ('cfc0235293', Decimal('4731.7937854014828000'), Decimal('603.428381354134'), Decimal('9965.84869807789')), ('cfda303a7d', Decimal('2184.4590255583080000'), Decimal('1127.59722952482'), Decimal('3634.25717320958')), ('cff58bba72', Decimal('5083.5584613900931429'), Decimal('365.977544488176'), Decimal('7765.21156321406')), ('d155460e23', Decimal('4401.8296907333708889'), Decimal('188.025288036249'), Decimal('8517.79083688407')), ('d268fa3647', Decimal('5861.3078869178000000'), Decimal('1247.6674589614'), Decimal('9498.42042365512')), ('d329553af7', Decimal('3415.7500113185228571'), Decimal('1289.37726424307'), Decimal('6490.1903219223')), ('d36614ffd7', Decimal('6520.9111946797200000'), Decimal('6520.91119467972'), Decimal('6520.91119467972')), ('d3742dad46', Decimal('6639.9496283870542857'), Decimal('2482.42340446414'), Decimal('9587.55734247727')), ('d3deba1e1c', Decimal('3671.7832905675400000'), Decimal('1033.8761175228'), Decimal('6956.37087035203')), ('d417ac5c4c', Decimal('6393.8485597830740000'), Decimal('4263.73881960111'), Decimal('9520.60149703001')), ('d53545f655', Decimal('4425.4787445402958182'), Decimal('452.120041600292'), Decimal('9725.58359557561')), ('d5b8322e5a', Decimal('7407.5202290588780000'), Decimal('1113.75983982593'), Decimal('9684.79347139838')), ('d70cc23d2a', Decimal('3574.5503128721201091'), Decimal('75.6940503126492'), Decimal('6993.56438303544')), ('d72b126570', Decimal('4984.2353619966519778'), Decimal('66.6471022624339'), Decimal('9169.82878089998')), ('d89c50b523', Decimal('3994.4017024499712000'), Decimal('265.923404540893'), Decimal('8983.66411520025')), ('d8b9c5938a', Decimal('3769.0080039442444615'), Decimal('780.345212837912'), Decimal('8138.61571522331')), ('d8ba0608c7', Decimal('384.5831838175760000'), Decimal('340.17693181772'), Decimal('406.786309817504')), ('da80113633', Decimal('6217.0168194717566667'), Decimal('3257.77565604169'), Decimal('9418.72276113684')), ('dab3fabe46', Decimal('5708.2502157608752000'), Decimal('712.703478854084'), Decimal('9549.31321814784')), ('db1c6596aa', Decimal('4996.1953231678180000'), Decimal('2034.78927350989'), Decimal('7701.72197533286')), ('dbc8b8c577', Decimal('2295.9709288079960000'), Decimal('688.254958311381'), Decimal('3963.95713982747')), ('dc8dd0f5cb', Decimal('6984.1778717693290909'), Decimal('4357.65026263503'), Decimal('9183.11834076389')), ('dcfdce729a', Decimal('4371.6763780558422857'), Decimal('378.950560055753'), Decimal('8188.06474734567')), ('dd4c5a2802', Decimal('4470.5762880011123714'), Decimal('88.1221428364843'), Decimal('8351.8880234818')), ('dd930ef700', Decimal('2700.5710717280576923'), Decimal('338.208770360085'), Decimal('5889.51354935622')), ('dfaab98d8b', Decimal('3521.2440350043385714'), Decimal('1485.86088242834'), Decimal('9299.35770350219')), ('e0586d6e3f', Decimal('6975.2057684444385714'), Decimal('5107.49478341075'), Decimal('9668.24529952185')), ('e1a890b849', Decimal('5949.7149790857722222'), Decimal('2278.76816354025'), Decimal('7727.62333554142')), ('e1f47d4d54', Decimal('6165.7812703200740000'), Decimal('4592.90207541189'), Decimal('9306.21960665753')), ('e270e06d99', Decimal('3895.6248478695654545'), Decimal('367.653241365746'), Decimal('8515.74526172058')), ('e2b823dffa', Decimal('5241.9910010018871429'), Decimal('2676.21223217491'), Decimal('8974.98366173053')), ('e2c18eed55', Decimal('4631.9198282868636364'), Decimal('251.517268345885'), Decimal('8955.10983742129')), ('e3aa410dd7', Decimal('4145.9051748290620000'), Decimal('1480.7859999909'), Decimal('8128.61481562996')), ('e427f2b295', Decimal('4865.6997220143907273'), Decimal('257.298176622949'), Decimal('9201.64729976115')), ('e4ec2633bd', Decimal('6725.5417790928609091'), Decimal('2945.18459186191'), Decimal('8217.39037561102')), ('e6e81da0c8', Decimal('3258.4205952986600000'), Decimal('1609.60873760035'), Decimal('6556.04431069528')), ('e964be09bd', Decimal('5635.2546769092540000'), Decimal('4264.24318730791'), Decimal('8849.33419900989')), ('e976c621fc', Decimal('4322.4939596572005714'), Decimal('591.799914535765'), Decimal('9915.36000300215')), ('ea5466626c', Decimal('4355.9054992021060000'), Decimal('1590.84851622235'), Decimal('7150.81156067407')), ('eb52f10e42', Decimal('4747.1024163240452105'), Decimal('260.758177796545'), Decimal('9857.83135321325')), ('ee28d2ad34', Decimal('2823.4319036881054364'), Decimal('91.7271884681249'), Decimal('6284.5898895638')), ('ee431971bb', Decimal('5099.2408233659811111'), Decimal('1033.94230562328'), Decimal('9389.80965604885')), ('eec847314b', Decimal('7642.3733526261600000'), Decimal('6848.63116202304'), Decimal('8039.24444792772')), ('ef47eff00e', Decimal('5104.8440404839900000'), Decimal('5104.84404048399'), Decimal('5104.84404048399')), ('efdc9c24c4', Decimal('7534.3124675000622000'), Decimal('200.778208099191'), Decimal('9663.07485670253')), ('f22c426518', Decimal('5044.4658354437769818'), Decimal('9.8497167090984'), Decimal('9361.13392943431')), ('f2824a1b2f', Decimal('5593.9446935212578462'), Decimal('108.462942137466'), Decimal('7698.85297518523')), ('f2fdab1666', Decimal('6348.3274808028666667'), Decimal('5965.9510023471'), Decimal('7113.0804377144')), ('f33f9da897', Decimal('4902.8118899975138462'), Decimal('1626.77577319159'), Decimal('9018.7683180355')), ('f5c27ab8c5', Decimal('5387.2250066575736364'), Decimal('2539.02439871616'), Decimal('9274.37196361888')), ('f6302b9020', Decimal('4549.4656680165900000'), Decimal('3405.24903232303'), Decimal('5121.57398586337')), ('f6a384b71d', Decimal('4304.0434898142614286'), Decimal('1737.51757876578'), Decimal('6693.31713802563')), ('f80d18997c', Decimal('5191.0868500939740000'), Decimal('278.556142913344'), Decimal('9963.05383199269')), ('f8baa9479e', Decimal('4082.4152130887471429'), Decimal('1041.52096404907'), Decimal('9670.64697940479')), ('f921ffdabd', Decimal('7965.0890357984800000'), Decimal('7965.08903579848'), Decimal('7965.08903579848')), ('f9c401de26', Decimal('5932.0375006155498182'), Decimal('877.385119004599'), Decimal('9622.69755193717')), ('fabef3f10d', Decimal('5951.0669150605880000'), Decimal('4996.58135725905'), Decimal('7607.44816759432')), ('fac2e4bb89', Decimal('5612.7222616441255556'), Decimal('2130.12854177543'), Decimal('7832.2876303775')), ('fdd1aec999', Decimal('5688.5978306557200000'), Decimal('4771.23918224992'), Decimal('6806.09603728606')), ('fe013250bb', Decimal('4481.5367766986473846'), Decimal('378.958381822194'), Decimal('9943.47866465685')), ('fe2b3f1e9a', Decimal('5349.6314763819800000'), Decimal('4154.92619746783'), Decimal('7739.04203421028'))]