[(1, 'cf63e30071', 18), (2, '18781efa78', 17), (2, '47a059b38c', 17), (2, '57eaf2cdf8', 17), (2, '809a6b2adc', 17), (2, 'bf40395082', 17), (2, 'cff58bba72', 17), (8, '27e101cb35', 16), (8, '34c5713f62', 16), (8, '4040b072e4', 16), (8, '80fc51b76d', 16), (8, 'c482d8e829', 16), (13, '1b7e7698b2', 15), (13, '22686815c0', 15), (13, '28de47a8e7', 15), (13, '4e7b2ebf98', 15), (13, '751e9f8411', 15), (13, '786ac7ec26', 15), (13, 'aa7eb8a7ae', 15), (13, 'b393796197', 15), (13, 'd8b9c5938a', 15), (13, 'dd4c5a2802', 15), (13, 'dfaab98d8b', 15), (24, '2c8e14c111', 14), (24, '4d31e54de1', 14), (24, '52d7ed282f', 14), (24, '6083fa6a36', 14), (24, '64b566effe', 14), (24, '817cf2ab9b', 14), (24, '90d8f3a23e', 14), (24, '949126629e', 14), (24, 'ac19314b09', 14), (24, 'af57410691', 14), (24, 'c7d961a22e', 14), (24, 'c95c967065', 14), (24, 'ee28d2ad34', 14), (24, 'fac2e4bb89', 14), (38, '102fe08cdc', 13), (38, '12fadb773e', 13), (38, '13bbf39d97', 13), (38, '1733f7ae2c', 13), (38, '19b395d225', 13), (38, '3bb85fff4a', 13), (38, '47e2d1559b', 13), (38, '4dc612a590', 13), (38, '5770ac4923', 13), (38, '5c9cc6818e', 13), (38, '6c32fa1058', 13), (38, '7009c4fec7', 13), (38, '74b5dce1a9', 13), (38, '7b6e9fc68c', 13), (38, 'a948e3a697', 13), (38, 'afbf759bc8', 13), (38, 'b3edb1f051', 13), (38, 'cfc0235293', 13), (38, 'dab3fabe46', 13), (38, 'f22c426518', 13), (58, '10bb0227af', 12), (58, '128a376cdd', 12), (58, '13e2cf0674', 12), (58, '23a3bb9f09', 12), (58, '29935dc42a', 12), (58, '2a7c5f0534', 12), (58, '3406448cb1', 12), (58, '3ba0bd1d6e', 12), (58, '3d21d03a8d', 12), (58, '4c07e996f4', 12), (58, '5758bdc27a', 12), (58, '627f27a266', 12), (58, '65a027406c', 12), (58, '67a79946a3', 12), (58, '6e417fce09', 12), (58, '71fed2eb47', 12), (58, '756049c0d1', 12), (58, '785543dcd1', 12), (58, '83d477d818', 12), (58, '8fa9e533a2', 12), (58, '96737a31dd', 12), (58, '975ae65b09', 12), (58, 'a3532534e3', 12), (58, 'a896d28eae', 12), (58, 'b09773c423', 12), (58, 'b4b64bb500', 12), (58, 'b5f533fa02', 12), (58, 'c29e47ab29', 12), (58, 'c4258497c4', 12), (58, 'd155460e23', 12), (58, 'd417ac5c4c', 12), (58, 'd8ba0608c7', 12), (58, 'e1f47d4d54', 12), (58, 'e2c18eed55', 12), (58, 'e427f2b295', 12), (58, 'f5c27ab8c5', 12), (58, 'f8baa9479e', 12), (95, '11973fcb91', 11), (95, '1270746f90', 11), (95, '23fd7744be', 11), (95, '306e07ad10', 11), (95, '31ce766fcd', 11), (95, '3a53305d21', 11), (95, '3e464db557', 11), (95, '4336e3ae3f', 11), (95, '43bf9752d3', 11), (95, '44da2bc562', 11), (95, '471ed66e3a', 11), (95, '497fac40a2', 11), (95, '6181d19168', 11), (95, '67e858d322', 11), (95, '6b0e960f31', 11), (95, '6dad418fb2', 11), (95, '812c39873c', 11), (95, '950f5feffd', 11), (95, '9ab9d6e248', 11), (95, '9f7176b185', 11), (95, 'a0044728b4', 11), (95, 'a8dc4d08d0', 11), (95, 'aa13a0d182', 11), (95, 'aefc92f7de', 11), (95, 'b62a0d4b17', 11), (95, 'b6f09c8202', 11), (95, 'c513c63437', 11), (95, 'c5267d449c', 11), (95, 'd70cc23d2a', 11), (95, 'd89c50b523', 11), (95, 'da80113633', 11), (95, 'dcfdce729a', 11), (95, 'e6e81da0c8', 11), (95, 'fabef3f10d', 11), (95, 'fe2b3f1e9a', 11), (130, '092693fa58', 10), (130, '0ca30f869d', 10), (130, '13ffc26ed5', 10), (130, '182f302062', 10), (130, '2aa703f4f6', 10), (130, '305f8d3ed6', 10), (130, '33541df331', 10), (130, '344d97807d', 10), (130, '460f86b62f', 10), (130, '47da0c7b34', 10), (130, '4e1413cfbe', 10), (130, '6e172a81dd', 10), (130, '746b102581', 10), (130, '8350bd58b6', 10), (130, '8b24b235ac', 10), (130, '8cfae48aec', 10), (130, '8dbe865bd8', 10), (130, '953d8f272c', 10), (130, 'a8dc2d703c', 10), (130, 'ab2d6e2477', 10), (130, 'b25836edca', 10), (130, 'b7209ffe26', 10), (130, 'be17969aa5', 10), (130, 'c196c2abf4', 10), (130, 'c5c98dd94d', 10), (130, 'cc69738931', 10), (130, 'cd18f2aaf6', 10), (130, 'd329553af7', 10), (130, 'db1c6596aa', 10), (130, 'e0586d6e3f', 10), (130, 'e1a890b849', 10), (130, 'e270e06d99', 10), (130, 'e964be09bd', 10), (130, 'fdd1aec999', 10), (130, 'fe013250bb', 10), (165, '0f899d8632', 9), (165, '1111a9362a', 9), (165, '1702178f64', 9), (165, '171f196c09', 9), (165, '1d7ea4e143', 9), (165, '1f8f1a392c', 9), (165, '22a0618ebd', 9), (165, '2dfb8f776d', 9), (165, '303c9787ce', 9), (165, '37d5c0b388', 9), (165, '412abe8e0c', 9), (165, '4ed691c8de', 9), (165, '56e4936116', 9), (165, '5fd42c700a', 9), (165, '6e1051cdba', 9), (165, '7055c9f8c9', 9), (165, '79f4ee0ae1', 9), (165, '86020ac1fb', 9), (165, '8a8ae65ba8', 9), (165, '8d0247c101', 9), (165, '8e8252911a', 9), (165, '90d19372b5', 9), (165, '91afa3e668', 9), (165, '91cd2fae2c', 9), (165, '93bc36f6d2', 9), (165, '9884df86e2', 9), (165, 'a238acc9b9', 9), (165, 'b656248b45', 9), (165, 'c24a1bbb49', 9), (165, 'cfda303a7d', 9), (165, 'd3deba1e1c', 9), (165, 'd5b8322e5a', 9), (165, 'dc8dd0f5cb', 9), (165, 'e976c621fc', 9), (165, 'ee431971bb', 9), (165, 'f6302b9020', 9), (165, 'f9c401de26', 9), (202, '03dc2742e2', 8), (202, '0db557fb65', 8), (202, '0f286950e6', 8), (202, '0fe2d837d2', 8), (202, '160a98ae5e', 8), (202, '1b75618205', 8), (202, '25e7d6f9ea', 8), (202, '313624e201', 8), (202, '33d412f43a', 8), (202, '36928fc89b', 8), (202, '498bb011ab', 8), (202, '4c0621acf8', 8), (202, '50810a67f5', 8), (202, '6701694a40', 8), (202, '67ff6a1b5d', 8), (202, '6cb8f91aff', 8), (202, '77cb8d1445', 8), (202, '7eb62bee6e', 8), (202, '8927b18654', 8), (202, '8ab81fc9e7', 8), (202, '8b97665e71', 8), (202, '93b3db9595', 8), (202, '94666211ab', 8), (202, 'a4a1350afb', 8), (202, 'a63f3c7282', 8), (202, 'a8f5d8bc6a', 8), (202, 'b78fdbd2a8', 8), (202, 'c302921836', 8), (202, 'c41746bf2a', 8), (202, 'd3742dad46', 8), (202, 'e4ec2633bd', 8), (202, 'eb52f10e42', 8), (202, 'eec847314b', 8), (202, 'efdc9c24c4', 8), (202, 'f2824a1b2f', 8), (202, 'f2fdab1666', 8), (202, 'f33f9da897', 8), (202, 'f80d18997c', 8), (202, 'f921ffdabd', 8), (241, '0629eaa22e', 7), (241, '0659b9c65b', 7), (241, '0ee495adf4', 7), (241, '1e916865ad', 7), (241, '1f7d5ff6a0', 7), (241, '2d652d568e', 7), (241, '34c4d8fde4', 7), (241, '3932b29a69', 7), (241, '3da80c7753', 7), (241, '41fb83e52b', 7), (241, '65d786a98c', 7), (241, '72fbc6da2a', 7), (241, '758abb4384', 7), (241, '8971777c9d', 7), (241, '8f7688a970', 7), (241, '93923935e4', 7), (241, 'a1f34037fd', 7), (241, 'a65065eb49', 7), (241, 'ac5377481e', 7), (241, 'c5d645dd2e', 7), (241, 'ce95bc4595', 7), (241, 'd268fa3647', 7), (241, 'd72b126570', 7), (241, 'dd930ef700', 7), (241, 'e3aa410dd7', 7), (241, 'f6a384b71d', 7), (267, '2a0a1b07c1', 6), (267, '2a876ef5c9', 6), (267, '2edf1fa251', 6), (267, '313d30ad1d', 6), (267, '32b7a65d2e', 6), (267, '5a0cba0e39', 6), (267, '620fd023f3', 6), (267, '6c25d92099', 6), (267, '781bc4f797', 6), (267, '8a4b0b41c5', 6), (267, '9c483d48f0', 6), (267, 'a1e5e53eb0', 6), (267, 'a789775304', 6), (267, 'c0716ad17b', 6), (267, 'dbc8b8c577', 6), (267, 'e2b823dffa', 6), (267, 'ef47eff00e', 6), (284, '039c0cf58e', 5), (284, '1cfc30025c', 5), (284, '2c0ed6b5a8', 5), (284, '2e03e6a700', 5), (284, '3d5ca2947d', 5), (284, '473b3d5e03', 5), (284, '8984e32cd6', 5), (284, '992f9836b5', 5), (284, 'b8becd055f', 5), (284, 'd36614ffd7', 5), (284, 'ea5466626c', 5), (295, 'b1761061c8', 4), (296, '7c56eeb245', 3), (296, '907ff098ba', 3), (298, '545b4c92e6', 2), (298, '69cb01b757', 2), (298, 'd53545f655', 2)]