[('3d5ca2947d', Decimal('3.0')), ('f921ffdabd', Decimal('3.4')), ('94666211ab', Decimal('3.5')), ('498bb011ab', Decimal('3.4')), ('2a0a1b07c1', Decimal('2.9')), ('36928fc89b', Decimal('1.7')), ('ef47eff00e', Decimal('3.5')), ('be17969aa5', Decimal('2.3')), ('0659b9c65b', Decimal('3.7')), ('44da2bc562', Decimal('3.7')), ('545b4c92e6', Decimal('2.8')), ('6cb8f91aff', Decimal('1.8')), ('32b7a65d2e', Decimal('3.2')), ('3d21d03a8d', Decimal('2.4')), ('cf63e30071', Decimal('2.5')), ('9884df86e2', Decimal('2.7')), ('aa13a0d182', Decimal('2.1')), ('1733f7ae2c', Decimal('3.0')), ('afbf759bc8', Decimal('3.5')), ('c41746bf2a', Decimal('2.6')), ('460f86b62f', Decimal('2.3')), ('4c07e996f4', Decimal('3.3')), ('dfaab98d8b', Decimal('3.2')), ('a65065eb49', Decimal('3.0')), ('a3532534e3', Decimal('3.1')), ('e2c18eed55', Decimal('3.3')), ('83d477d818', Decimal('3.5')), ('b5f533fa02', Decimal('3.2')), ('8b97665e71', Decimal('3.3')), ('dbc8b8c577', Decimal('3.4')), ('77cb8d1445', Decimal('3.6')), ('f5c27ab8c5', Decimal('3.4')), ('182f302062', Decimal('2.5')), ('dd4c5a2802', Decimal('2.6')), ('27e101cb35', Decimal('3.3')), ('1b7e7698b2', Decimal('3.5')), ('f80d18997c', Decimal('2.5')), ('817cf2ab9b', Decimal('2.5')), ('cfda303a7d', Decimal('1.9')), ('34c5713f62', Decimal('2.1')), ('23fd7744be', Decimal('2.7')), ('e4ec2633bd', Decimal('3.3')), ('949126629e', Decimal('2.2')), ('8ab81fc9e7', Decimal('2.9')), ('627f27a266', Decimal('3.2')), ('a896d28eae', Decimal('2.4')), ('d70cc23d2a', Decimal('3.3')), ('6701694a40', Decimal('3.6')), ('cfc0235293', Decimal('3.1')), ('6e417fce09', Decimal('2.8')), ('f6a384b71d', Decimal('3.5')), ('4e1413cfbe', Decimal('2.3')), ('47e2d1559b', Decimal('2.8')), ('a63f3c7282', Decimal('3.5')), ('3ba0bd1d6e', Decimal('2.5')), ('31ce766fcd', Decimal('2.9')), ('e0586d6e3f', Decimal('3.1')), ('3da80c7753', Decimal('2.9')), ('b1761061c8', Decimal('3.5')), ('160a98ae5e', Decimal('3.1')), ('19b395d225', Decimal('3.0')), ('d268fa3647', Decimal('2.8')), ('2d652d568e', Decimal('2.9')), ('5a0cba0e39', Decimal('2.8')), ('b3edb1f051', Decimal('3.4')), ('b25836edca', Decimal('3.7')), ('c5c98dd94d', Decimal('3.4')), ('2edf1fa251', Decimal('3.6')), ('8a8ae65ba8', Decimal('3.7')), ('758abb4384', Decimal('2.5')), ('b4b64bb500', Decimal('2.3')), ('29935dc42a', Decimal('1.9')), ('8927b18654', Decimal('2.5')), ('86020ac1fb', Decimal('3.0')), ('d36614ffd7', Decimal('2.4')), ('65d786a98c', Decimal('3.3')), ('0fe2d837d2', Decimal('2.5')), ('c5d645dd2e', Decimal('3.7')), ('64b566effe', Decimal('4.0')), ('93923935e4', Decimal('3.1')), ('67ff6a1b5d', Decimal('2.6')), ('e976c621fc', Decimal('3.0')), ('91afa3e668', Decimal('2.0')), ('33541df331', Decimal('3.2')), ('6c25d92099', Decimal('2.8')), ('90d8f3a23e', Decimal('2.7')), ('28de47a8e7', Decimal('3.4')), ('65a027406c', Decimal('2.5')), ('2a876ef5c9', Decimal('3.5')), ('a4a1350afb', Decimal('2.5')), ('03dc2742e2', Decimal('3.3')), ('b8becd055f', Decimal('2.5')), ('5758bdc27a', Decimal('3.4')), ('5770ac4923', Decimal('3.0')), ('786ac7ec26', Decimal('3.4')), ('8fa9e533a2', Decimal('3.0')), ('aa7eb8a7ae', Decimal('2.7')), ('b7209ffe26', Decimal('3.5')), ('e3aa410dd7', Decimal('2.3')), ('23a3bb9f09', Decimal('3.2')), ('f22c426518', Decimal('2.7')), ('2e03e6a700', Decimal('3.2')), ('e427f2b295', Decimal('2.6')), ('3a53305d21', Decimal('2.9')), ('4336e3ae3f', Decimal('2.5')), ('2c8e14c111', Decimal('2.4')), ('8a4b0b41c5', Decimal('3.1')), ('9ab9d6e248', Decimal('3.2')), ('3e464db557', Decimal('3.6')), ('57eaf2cdf8', Decimal('2.8')), ('a8f5d8bc6a', Decimal('3.7')), ('1f8f1a392c', Decimal('2.6')), ('0ee495adf4', Decimal('2.9')), ('c4258497c4', Decimal('3.0')), ('b78fdbd2a8', Decimal('2.7')), ('b62a0d4b17', Decimal('3.5')), ('db1c6596aa', Decimal('3.3')), ('1f7d5ff6a0', Decimal('2.8')), ('c29e47ab29', Decimal('2.9')), ('8d0247c101', Decimal('2.6')), ('f8baa9479e', Decimal('2.1')), ('497fac40a2', Decimal('3.1')), ('1111a9362a', Decimal('3.2')), ('1b75618205', Decimal('2.7')), ('67a79946a3', Decimal('2.9')), ('907ff098ba', Decimal('3.0')), ('d329553af7', Decimal('3.9')), ('781bc4f797', Decimal('1.8')), ('11973fcb91', Decimal('2.5')), ('fac2e4bb89', Decimal('3.8')), ('0629eaa22e', Decimal('2.8')), ('22a0618ebd', Decimal('2.2')), ('e964be09bd', Decimal('3.2')), ('9f7176b185', Decimal('3.6')), ('f6302b9020', Decimal('3.2')), ('3406448cb1', Decimal('3.3')), ('67e858d322', Decimal('2.9')), ('d89c50b523', Decimal('3.3')), ('b656248b45', Decimal('2.8')), ('dab3fabe46', Decimal('2.2')), ('cff58bba72', Decimal('2.4')), ('756049c0d1', Decimal('3.3')), ('33d412f43a', Decimal('3.0')), ('305f8d3ed6', Decimal('2.9')), ('746b102581', Decimal('2.9')), ('22686815c0', Decimal('1.7')), ('d8ba0608c7', Decimal('3.4')), ('72fbc6da2a', Decimal('3.3')), ('6b0e960f31', Decimal('3.0')), ('ac5377481e', Decimal('3.7')), ('25e7d6f9ea', Decimal('3.3')), ('6e172a81dd', Decimal('3.5')), ('10bb0227af', Decimal('2.8')), ('8cfae48aec', Decimal('3.4')), ('7055c9f8c9', Decimal('3.2')), ('1270746f90', Decimal('2.8')), ('13ffc26ed5', Decimal('3.2')), ('1cfc30025c', Decimal('2.9')), ('cc69738931', Decimal('3.1')), ('306e07ad10', Decimal('2.5')), ('ac19314b09', Decimal('2.8')), ('d155460e23', Decimal('3.4')), ('91cd2fae2c', Decimal('2.7')), ('d53545f655', Decimal('2.9')), ('47da0c7b34', Decimal('3.9')), ('ee431971bb', Decimal('3.2')), ('4e7b2ebf98', Decimal('3.7')), ('d3742dad46', Decimal('2.8')), ('2aa703f4f6', Decimal('2.3')), ('8e8252911a', Decimal('2.8')), ('0f286950e6', Decimal('2.4')), ('809a6b2adc', Decimal('3.0')), ('18781efa78', Decimal('2.8')), ('8f7688a970', Decimal('2.6')), ('6083fa6a36', Decimal('4.0')), ('4ed691c8de', Decimal('2.6')), ('975ae65b09', Decimal('3.1')), ('c302921836', Decimal('2.9')), ('0ca30f869d', Decimal('2.7')), ('dc8dd0f5cb', Decimal('3.2')), ('efdc9c24c4', Decimal('3.3')), ('7009c4fec7', Decimal('3.0')), ('c7d961a22e', Decimal('3.0')), ('0db557fb65', Decimal('4.3')), ('e1a890b849', Decimal('2.8')), ('e270e06d99', Decimal('3.1')), ('7c56eeb245', Decimal('3.3')), ('f2824a1b2f', Decimal('3.0')), ('6c32fa1058', Decimal('2.9')), ('d417ac5c4c', Decimal('2.4')), ('a8dc2d703c', Decimal('3.3')), ('992f9836b5', Decimal('3.0')), ('fabef3f10d', Decimal('2.6')), ('a238acc9b9', Decimal('2.3')), ('fe2b3f1e9a', Decimal('3.0')), ('092693fa58', Decimal('2.7')), ('d5b8322e5a', Decimal('2.6')), ('ee28d2ad34', Decimal('2.4')), ('a8dc4d08d0', Decimal('2.4')), ('eb52f10e42', Decimal('3.4')), ('473b3d5e03', Decimal('3.3')), ('c95c967065', Decimal('3.9')), ('620fd023f3', Decimal('3.6')), ('751e9f8411', Decimal('3.0')), ('d72b126570', Decimal('2.7')), ('a0044728b4', Decimal('3.6')), ('c24a1bbb49', Decimal('3.3')), ('b393796197', Decimal('3.7')), ('aefc92f7de', Decimal('2.2')), ('2dfb8f776d', Decimal('3.1')), ('d3deba1e1c', Decimal('2.3')), ('e1f47d4d54', Decimal('3.2')), ('2a7c5f0534', Decimal('3.5')), ('da80113633', Decimal('2.9')), ('8984e32cd6', Decimal('3.0')), ('f33f9da897', Decimal('3.2')), ('8350bd58b6', Decimal('3.2')), ('313d30ad1d', Decimal('4.0')), ('3bb85fff4a', Decimal('3.0')), ('af57410691', Decimal('2.6')), ('dd930ef700', Decimal('2.8')), ('ab2d6e2477', Decimal('2.8')), ('80fc51b76d', Decimal('3.2')), ('128a376cdd', Decimal('2.8')), ('c513c63437', Decimal('3.6')), ('4040b072e4', Decimal('2.0')), ('c482d8e829', Decimal('1.8')), ('2c0ed6b5a8', Decimal('2.8')), ('471ed66e3a', Decimal('2.9')), ('d8b9c5938a', Decimal('3.4')), ('4dc612a590', Decimal('3.2')), ('bf40395082', Decimal('3.5')), ('953d8f272c', Decimal('3.2')), ('c0716ad17b', Decimal('3.7')), ('171f196c09', Decimal('3.4')), ('4d31e54de1', Decimal('2.9')), ('b6f09c8202', Decimal('2.5')), ('eec847314b', Decimal('2.6')), ('412abe8e0c', Decimal('4.0')), ('a948e3a697', Decimal('3.0')), ('ea5466626c', Decimal('3.3')), ('69cb01b757', Decimal('2.3')), ('a1e5e53eb0', Decimal('3.9')), ('785543dcd1', Decimal('2.9')), ('41fb83e52b', Decimal('3.3')), ('4c0621acf8', Decimal('2.9')), ('344d97807d', Decimal('2.3')), ('cd18f2aaf6', Decimal('3.1')), ('5c9cc6818e', Decimal('3.2')), ('96737a31dd', Decimal('3.2')), ('93b3db9595', Decimal('3.2')), ('812c39873c', Decimal('2.7')), ('90d19372b5', Decimal('3.3')), ('c196c2abf4', Decimal('3.3')), ('0f899d8632', Decimal('2.0')), ('039c0cf58e', Decimal('2.8')), ('8971777c9d', Decimal('2.9')), ('6181d19168', Decimal('3.2')), ('74b5dce1a9', Decimal('3.0')), ('fdd1aec999', Decimal('3.3')), ('dcfdce729a', Decimal('3.4')), ('5fd42c700a', Decimal('2.4')), ('34c4d8fde4', Decimal('4.0')), ('b09773c423', Decimal('2.0')), ('3932b29a69', Decimal('3.1')), ('fe013250bb', Decimal('2.7')), ('ce95bc4595', Decimal('3.5')), ('37d5c0b388', Decimal('2.9')), ('13e2cf0674', Decimal('3.3')), ('93bc36f6d2', Decimal('1.8')), ('52d7ed282f', Decimal('3.8')), ('9c483d48f0', Decimal('3.2')), ('8b24b235ac', Decimal('3.3')), ('12fadb773e', Decimal('2.6')), ('a789775304', Decimal('2.5')), ('50810a67f5', Decimal('3.2')), ('f9c401de26', Decimal('2.8')), ('43bf9752d3', Decimal('2.6')), ('a1f34037fd', Decimal('3.0')), ('6dad418fb2', Decimal('2.8')), ('79f4ee0ae1', Decimal('3.6')), ('950f5feffd', Decimal('2.5')), ('7eb62bee6e', Decimal('2.4')), ('13bbf39d97', Decimal('2.2')), ('47a059b38c', Decimal('3.7')), ('56e4936116', Decimal('2.2')), ('1e916865ad', Decimal('2.8')), ('7b6e9fc68c', Decimal('2.8')), ('1702178f64', Decimal('3.4')), ('8dbe865bd8', Decimal('2.4')), ('1d7ea4e143', Decimal('3.0')), ('f2fdab1666', Decimal('2.5')), ('102fe08cdc', Decimal('3.7')), ('e6e81da0c8', Decimal('2.3')), ('313624e201', Decimal('3.1')), ('71fed2eb47', Decimal('2.6')), ('e2b823dffa', Decimal('3.1')), ('303c9787ce', Decimal('3.6')), ('6e1051cdba', Decimal('2.5')), ('c5267d449c', Decimal('3.0'))]