[(301, 21, 'computer', 'Not used, fast and furious')]