[('b5fcfca149', 20), ('dddf4506cb', 19), ('35b32f2fd8', 18), ('5e4dc942a2', 18), ('f47272c27b', 18), ('8e9efad8cc', 17), ('e1d6e2ffae', 17), ('fd9d59bb5f', 17), ('d1fc2307a9', 17), ('7e2b0a13c8', 17), ('e585a5f02c', 17), ('c5205e03fe', 16), ('e0769f885e', 16), ('28c19aa76f', 16), ('042522847c', 16), ('43e00bbe7a', 16), ('6af8039510', 16), ('88b933be27', 15), ('0cb96d41a5', 15), ('b0382d33cc', 15), ('f83ec4f9b7', 15), ('045350fc83', 15), ('7fa4951825', 15), ('c25a29b39f', 15), ('a41ffcdf78', 15), ('395e4fe95a', 15), ('6121cf4f39', 15), ('fb71319069', 15), ('b5e6159d76', 15), ('c1ab3f58b6', 14), ('e4d1f9ef56', 14), ('958e6dd85c', 14), ('fd997553c5', 14), ('69a456fd01', 14), ('ff124623ac', 14), ('9799198dd1', 14), ('f6a080c85c', 14), ('0e56a33bc7', 14), ('7ef52b2076', 14), ('3419987c83', 13), ('d2af444c36', 13), ('2407fd232d', 13), ('6a4314aa22', 13), ('97c662658f', 13), ('d556a3fccb', 13), ('616d0be2b5', 13), ('908dd7b05c', 13), ('f5a52bfb4f', 13), ('603205cbf9', 13), ('302706a0bf', 13), ('7e208617c7', 13), ('1e013dbba4', 13), ('c38c16d638', 13), ('55a89aa94d', 13), ('ce9fb45c6e', 13), ('b5b729cd29', 13), ('4d464a73f3', 13), ('000b43a1f1', 12), ('ec3874fa11', 12), ('2a869780de', 12), ('bb0910ab48', 12), ('e7fcee9796', 12), ('ab1300a9b3', 12), ('45db0beb0f', 12), ('cd7cd61215', 12), ('fb5a01b092', 12), ('700e36e9e8', 12), ('df7dd95e16', 12), ('35cec3c90f', 12), ('1f671f2168', 12), ('e012fcefc0', 12), ('e3a57c6cdb', 12), ('39828702df', 12), ('4f7490b525', 12), ('65da2e892d', 12), ('c218b9bdfd', 12), ('506f2e9362', 12), ('5b3132580c', 12), ('c7d2a00309', 12), ('8f188d63e0', 11), ('fb81f633ed', 11), ('cc42eec149', 11), ('e1adeaae71', 11), ('d2a8f57ab2', 11), ('26d95c5a95', 11), ('fcbb1a18da', 11), ('2a6622fc17', 11), ('2aa274a3b1', 11), ('6e95ed334d', 11), ('ab110c7aff', 11), ('800606ffc1', 11), ('dd1774b20d', 11), ('08b97f3a05', 11), ('2237b9e33b', 11), ('17bc279705', 11), ('1e226f8546', 11), ('aaa18b66d9', 11), ('3dbb3f1742', 11), ('2cccd1ef10', 11), ('df2e1c6461', 11), ('3b0e1ae1e1', 11), ('405b341168', 11), ('e39a7cb89d', 11), ('a33edac27e', 11), ('ac1c6a2cb0', 11), ('6cb6063fc4', 11), ('b2b31645d1', 11), ('0d674bfd01', 11), ('e360ff2213', 11), ('dada11c1ff', 11), ('40c818bd71', 11), ('3186defb9f', 11), ('d58ff2f4ff', 11), ('71e41d8a95', 11), ('ec9edb9efa', 11), ('f265106655', 11), ('5a83e4a2f0', 11), ('274cd7976b', 11), ('6147dcbbc4', 11)]